Fetch 399 licenses...
19 / 399: async-signal-0.2.14
38 / 399: calloop-wayland-source-0.3.0
57 / 399: core-graphics-types-0.1.3
Missing License: C:\Users\WolfgangW\dev\spamviech\zugkontrolle\zugkontrolle-lizenzen-macros\lizenzen\dispatch-0.2.0
	Repository: http://github.com/SSheldon/rust-dispatch
	Announced License: MIT
76 / 399: embed-resource-3.0.11
95 / 399: foreign-types-0.5.0
114 / 399: harfrust-0.3.2
Missing License: C:\Users\WolfgangW\dev\spamviech\zugkontrolle\zugkontrolle-lizenzen-macros\lizenzen\iced_fonts_macros-0.3.0
	Repository: https://github.com/Redhawk18/iced_fonts
	Announced License: MIT
133 / 399: iced_program-0.14.0
152 / 399: kommandozeilen_argumente-0.2.1
171 / 399: lyon_tessellation-1.0.22
190 / 399: objc2-cloud-kit-0.2.2
209 / 399: once_cell-1.21.4
228 / 399: portable-atomic-1.15.0
247 / 399: rfd-0.17.2
266 / 399: serde_json-1.0.151
285 / 399: strict-num-0.1.1
304 / 399: toml_edit-0.25.15+spec-1.1.0
323 / 399: vswhom-sys-0.1.3
342 / 399: wayland-sys-0.31.11
361 / 399: windows-targets-0.52.6
380 / 399: yansi-1.0.1
Skip zugkontrolle-5.1.0
Skip zugkontrolle-anschluss-1.1.0
Skip zugkontrolle-application-1.1.0
Skip zugkontrolle-argumente-1.1.0
Skip zugkontrolle-gleis-1.1.0
Skip zugkontrolle-gleise-1.1.0
Skip zugkontrolle-id-1.1.0
Skip zugkontrolle-lizenzen-1.1.0
Skip zugkontrolle-lizenzen-macros-1.0.0
Skip zugkontrolle-macros-5.1.0
Skip zugkontrolle-test-util-1.1.0
Skip zugkontrolle-typen-1.1.0
Skip zugkontrolle-util-1.1.0
Skip zugkontrolle-widget-1.1.0
399 / 399: zugkontrolle-widget-1.1.0
